// Vitest Snapshot v1, https://vitest.dev/guide/snapshot.html

exports[`Home Snapshot > rendert konsistent im Light Mode 1`] = `
<DocumentFragment>
  <div
    class="MuiBox-root css-n82vbt"
  >
    <div
      class="MuiGrid-root MuiGrid-container MuiGrid-direction-xs-row MuiGrid-spacing-xs-4 css-j2sh2k-MuiGrid-root"
    >
      <div
        class="MuiGrid-root MuiGrid-direction-xs-row MuiGrid-grid-xs-12 MuiGrid-grid-md-7 css-1ggyz8b-MuiGrid-root"
      >
        <h4
          class="MuiTypography-root MuiTypography-h4 css-tpz3ob-MuiTypography-root"
        >
          Ideen, Experimente & Projekte.
        </h4>
        <p
          class="MuiTypography-root MuiTypography-body1 css-1uahghc-MuiTypography-root"
        >
          Uberli ist mein persönlicher Raum für Dinge, die ich rund um Technologie, Bildung und KI ausprobiere, baue und weiterdenke.
        </p>
        <div
          class="MuiStack-root css-xi5eo4-MuiStack-root"
        >
          <div
            class="MuiChip-root MuiChip-outlined MuiChip-sizeMedium MuiChip-colorSecondary MuiChip-outlinedSecondary css-p1jeey-MuiChip-root"
          >
            <span
              class="MuiChip-label MuiChip-labelMedium css-16cgrcw-MuiChip-label"
            >
              Technologie
            </span>
          </div>
          <div
            class="MuiChip-root MuiChip-outlined MuiChip-sizeMedium MuiChip-colorSecondary MuiChip-outlinedSecondary css-p1jeey-MuiChip-root"
          >
            <span
              class="MuiChip-label MuiChip-labelMedium css-16cgrcw-MuiChip-label"
            >
              Lernen
            </span>
          </div>
          <div
            class="MuiChip-root MuiChip-outlined MuiChip-sizeMedium MuiChip-colorSecondary MuiChip-outlinedSecondary css-p1jeey-MuiChip-root"
          >
            <span
              class="MuiChip-label MuiChip-labelMedium css-16cgrcw-MuiChip-label"
            >
              KI
            </span>
          </div>
          <div
            class="MuiChip-root MuiChip-outlined MuiChip-sizeMedium MuiChip-colorSecondary MuiChip-outlinedSecondary css-p1jeey-MuiChip-root"
          >
            <span
              class="MuiChip-label MuiChip-labelMedium css-16cgrcw-MuiChip-label"
            >
              Prototypen
            </span>
          </div>
          <div
            class="MuiChip-root MuiChip-outlined MuiChip-sizeMedium MuiChip-colorSecondary MuiChip-outlinedSecondary css-p1jeey-MuiChip-root"
          >
            <span
              class="MuiChip-label MuiChip-labelMedium css-16cgrcw-MuiChip-label"
            >
              Social Impact
            </span>
          </div>
        </div>
        <div
          class="MuiStack-root css-10svwat-MuiStack-root"
        >
          <a
            class="MuiButtonBase-root MuiButton-root MuiButton-contained MuiButton-containedSecondary MuiButton-sizeMedium MuiButton-containedSizeMedium MuiButton-colorSecondary MuiButton-root MuiButton-contained MuiButton-containedSecondary MuiButton-sizeMedium MuiButton-containedSizeMedium MuiButton-colorSecondary css-yd410n-MuiButtonBase-root-MuiButton-root"
            data-discover="true"
            href="/projekte/"
            tabindex="0"
          >
            Projekte ansehen
            <span
              class="MuiButton-icon MuiButton-endIcon MuiButton-iconSizeMedium css-1wyk03i-MuiButton-endIcon"
            >
              <svg
                aria-hidden="true"
                class="MuiSvgIcon-root MuiSvgIcon-fontSizeMedium css-1umw9bq-MuiSvgIcon-root"
                data-testid="ArrowForwardIcon"
                focusable="false"
                viewBox="0 0 24 24"
              >
                <path
                  d="m12 4-1.41 1.41L16.17 11H4v2h12.17l-5.58 5.59L12 20l8-8z"
                />
              </svg>
            </span>
          </a>
          <a
            class="MuiButtonBase-root MuiButton-root MuiButton-outlined MuiButton-outlinedSecondary MuiButton-sizeMedium MuiButton-outlinedSizeMedium MuiButton-colorSecondary MuiButton-root MuiButton-outlined MuiButton-outlinedSecondary MuiButton-sizeMedium MuiButton-outlinedSizeMedium MuiButton-colorSecondary css-2tgfez-MuiButtonBase-root-MuiButton-root"
            data-discover="true"
            href="/experimente/"
            tabindex="0"
          >
            Experimente
            <span
              class="MuiButton-icon MuiButton-endIcon MuiButton-iconSizeMedium css-1wyk03i-MuiButton-endIcon"
            >
              <svg
                aria-hidden="true"
                class="MuiSvgIcon-root MuiSvgIcon-fontSizeMedium css-1umw9bq-MuiSvgIcon-root"
                data-testid="ArrowForwardIcon"
                focusable="false"
                viewBox="0 0 24 24"
              >
                <path
                  d="m12 4-1.41 1.41L16.17 11H4v2h12.17l-5.58 5.59L12 20l8-8z"
                />
              </svg>
            </span>
          </a>
        </div>
      </div>
      <div
        class="MuiGrid-root MuiGrid-direction-xs-row MuiGrid-grid-xs-12 MuiGrid-grid-md-5 css-16ebuf1-MuiGrid-root"
      >
        <img
          alt="Uberli Visualisierung mit Ideen, Experimenten und Projekten"
          class="MuiBox-root css-1sdoxlc"
          src="/images/uberli.visualisierung.png"
        />
      </div>
    </div>
    <div
      class="MuiGrid-root MuiGrid-container MuiGrid-direction-xs-row MuiGrid-spacing-xs-3 css-1nxewwo-MuiGrid-root"
    >
      <div
        class="MuiGrid-root MuiGrid-direction-xs-row MuiGrid-grid-xs-12 MuiGrid-grid-md-4 css-xur2zb-MuiGrid-root"
      >
        <div
          class="MuiPaper-root MuiPaper-elevation MuiPaper-rounded MuiPaper-elevation2 css-7pjcbi-MuiPaper-root"
          style="--Paper-shadow: 0px 3px 1px -2px rgba(0,0,0,0.2),0px 2px 2px 0px rgba(0,0,0,0.14),0px 1px 5px 0px rgba(0,0,0,0.12);"
        >
          <h5
            class="MuiTypography-root MuiTypography-h5 css-lvi4if-MuiTypography-root"
          >
            Projekte
          </h5>
          <p
            class="MuiTypography-root MuiTypography-body2 css-zar18y-MuiTypography-root"
          >
            YIA, PYU, Futurebooster und Evoxa: die grösseren Vorhaben unter dem Uberli-Dach.
          </p>
          <a
            class="MuiButtonBase-root MuiButton-root MuiButton-text MuiButton-textSecondary MuiButton-sizeMedium MuiButton-textSizeMedium MuiButton-colorSecondary MuiButton-root MuiButton-text MuiButton-textSecondary MuiButton-sizeMedium MuiButton-textSizeMedium MuiButton-colorSecondary css-wcc4w9-MuiButtonBase-root-MuiButton-root"
            data-discover="true"
            href="/projekte/"
            tabindex="0"
          >
            Öffnen
            <span
              class="MuiButton-icon MuiButton-endIcon MuiButton-iconSizeMedium css-1wyk03i-MuiButton-endIcon"
            >
              <svg
                aria-hidden="true"
                class="MuiSvgIcon-root MuiSvgIcon-fontSizeMedium css-1umw9bq-MuiSvgIcon-root"
                data-testid="ArrowForwardIcon"
                focusable="false"
                viewBox="0 0 24 24"
              >
                <path
                  d="m12 4-1.41 1.41L16.17 11H4v2h12.17l-5.58 5.59L12 20l8-8z"
                />
              </svg>
            </span>
          </a>
        </div>
      </div>
      <div
        class="MuiGrid-root MuiGrid-direction-xs-row MuiGrid-grid-xs-12 MuiGrid-grid-md-4 css-xur2zb-MuiGrid-root"
      >
        <div
          class="MuiPaper-root MuiPaper-elevation MuiPaper-rounded MuiPaper-elevation2 css-7pjcbi-MuiPaper-root"
          style="--Paper-shadow: 0px 3px 1px -2px rgba(0,0,0,0.2),0px 2px 2px 0px rgba(0,0,0,0.14),0px 1px 5px 0px rgba(0,0,0,0.12);"
        >
          <h5
            class="MuiTypography-root MuiTypography-h5 css-lvi4if-MuiTypography-root"
          >
            Experimente
          </h5>
          <p
            class="MuiTypography-root MuiTypography-body2 css-zar18y-MuiTypography-root"
          >
            Kleinere Prototypen, technische Erkundungen und lose Ideen, die weiter wachsen können.
          </p>
          <a
            class="MuiButtonBase-root MuiButton-root MuiButton-text MuiButton-textSecondary MuiButton-sizeMedium MuiButton-textSizeMedium MuiButton-colorSecondary MuiButton-root MuiButton-text MuiButton-textSecondary MuiButton-sizeMedium MuiButton-textSizeMedium MuiButton-colorSecondary css-wcc4w9-MuiButtonBase-root-MuiButton-root"
            data-discover="true"
            href="/experimente/"
            tabindex="0"
          >
            Öffnen
            <span
              class="MuiButton-icon MuiButton-endIcon MuiButton-iconSizeMedium css-1wyk03i-MuiButton-endIcon"
            >
              <svg
                aria-hidden="true"
                class="MuiSvgIcon-root MuiSvgIcon-fontSizeMedium css-1umw9bq-MuiSvgIcon-root"
                data-testid="ArrowForwardIcon"
                focusable="false"
                viewBox="0 0 24 24"
              >
                <path
                  d="m12 4-1.41 1.41L16.17 11H4v2h12.17l-5.58 5.59L12 20l8-8z"
                />
              </svg>
            </span>
          </a>
        </div>
      </div>
      <div
        class="MuiGrid-root MuiGrid-direction-xs-row MuiGrid-grid-xs-12 MuiGrid-grid-md-4 css-xur2zb-MuiGrid-root"
      >
        <div
          class="MuiPaper-root MuiPaper-elevation MuiPaper-rounded MuiPaper-elevation2 css-7pjcbi-MuiPaper-root"
          style="--Paper-shadow: 0px 3px 1px -2px rgba(0,0,0,0.2),0px 2px 2px 0px rgba(0,0,0,0.14),0px 1px 5px 0px rgba(0,0,0,0.12);"
        >
          <h5
            class="MuiTypography-root MuiTypography-h5 css-lvi4if-MuiTypography-root"
          >
            Über
          </h5>
          <p
            class="MuiTypography-root MuiTypography-body2 css-zar18y-MuiTypography-root"
          >
            Warum Uberli heute mein privater Ort für Lernen, Bauen und Ausprobieren ist.
          </p>
          <a
            class="MuiButtonBase-root MuiButton-root MuiButton-text MuiButton-textSecondary MuiButton-sizeMedium MuiButton-textSizeMedium MuiButton-colorSecondary MuiButton-root MuiButton-text MuiButton-textSecondary MuiButton-sizeMedium MuiButton-textSizeMedium MuiButton-colorSecondary css-wcc4w9-MuiButtonBase-root-MuiButton-root"
            data-discover="true"
            href="/ueber/"
            tabindex="0"
          >
            Öffnen
            <span
              class="MuiButton-icon MuiButton-endIcon MuiButton-iconSizeMedium css-1wyk03i-MuiButton-endIcon"
            >
              <svg
                aria-hidden="true"
                class="MuiSvgIcon-root MuiSvgIcon-fontSizeMedium css-1umw9bq-MuiSvgIcon-root"
                data-testid="ArrowForwardIcon"
                focusable="false"
                viewBox="0 0 24 24"
              >
                <path
                  d="m12 4-1.41 1.41L16.17 11H4v2h12.17l-5.58 5.59L12 20l8-8z"
                />
              </svg>
            </span>
          </a>
        </div>
      </div>
    </div>
  </div>
</DocumentFragment>
`;
